03-22 16:23:29.818 12483 12512 I BugleRcsEngine: [83] alsz.e: Cannot get service version because CS.apk was not found, not pre-loaded or disabled.
03-22 16:23:29.819 12483 12512 W BugleRcsEngine: [83] alsz.e: Service with meta data key: JibeServiceApiVersions is not compatible. Service Version 1 is not supported. Supported versions: []
03-22 16:23:29.819 12483 12512 I BugleRcsEngine: [83] alsz.c: Not using CS JibeService because it is not compatible with AM.
03-22 16:23:29.819 12483 12512 I BugleRcs: RcsAvailabilityUpdaterRemote: getRcsAvailabilityFromSignupServiceAsync
03-22 16:23:29.821 12483 12541 I RcsClientLib: Connecting SignupService
03-22 16:23:29.831 12483 12541 W RcsClientLib: No CS.apk RCS service found. Is RCS running in Bugle?
03-22 16:23:29.881 12483 12541 W BugleRcsEngine: [95] alsz.g: Carrier Services Apk was not found.
03-22 16:23:29.882 12483 12541 I BugleRcsEngine: [95] alsz.e: Cannot get service version because CS.apk was not found, not pre-loaded or disabled.
03-22 16:23:29.882 12483 12541 W BugleRcsEngine: [95] alsz.e: Service with meta data key: JibeServiceApiVersions is not compatible. Service Version 1 is not supported. Supported versions: []
03-22 16:23:29.882 12483 12541 I BugleRcsEngine: [95] alsz.c: Not using CS JibeService because it is not compatible with AM.
03-22 16:23:29.882 12483 12541 I RcsClientLib: shouldUseCarrierServicesJibeService: false, CarrierServices rcs service found: false
03-22 16:23:29.906 12483 12483 I RcsClientLib: com.google.android.rcs.client.signup.SignupService connected
03-22 16:23:29.911   584   618 W ActivityManager: Slow operation: 54ms so far, now at startProcess: returned from zygote!
03-22 16:23:29.912   584   618 W ActivityManager: Slow operation: 55ms so far, now at startProcess: done updating battery stats
03-22 16:23:29.912   584   618 W ActivityManager: Slow operation: 55ms so far, now at startProcess: building log message
03-22 16:23:29.912   584   618 I ActivityManager: Start proc 12874:com.google.android.gms.persistent/u0a97 for service {com.google.android.gms/com.google.android.gms.chimera.PersistentApiService}
03-22 16:23:29.912   584   618 W ActivityManager: Slow operation: 55ms so far, now at startProcess: starting to update pids map
03-22 16:23:29.913   584   618 W ActivityManager: Slow operation: 56ms so far, now at startProcess: done updating pids map
03-22 16:23:29.934 12874 12874 W .gms.persisten: Unexpected CPU variant for X86 using defaults: x86_64
03-22 16:23:29.947 12874 12874 E .gms.persisten: Not starting debugger since process cannot load the jdwp agent.
03-22 16:23:29.948 11155 11305 I MicroDetectionState: Should stop hotword detection immediately - true
03-22 16:23:29.955 11155 12871 I GsaConfigFlagsSyncer: Flags already sync'ed.
03-22 16:23:29.975 12483 12541 I BugleRcs: RcsAvailabilityUpdaterRemote: updateRcsAvailabilityPostProcess, Get Updated RcsAvailability, RcsAvailability: DISABLED_STUB_PROVISIONING_ENGINE, SimId: redacted-pii[20-chars]
03-22 16:23:29.976 12483 12541 I RcsClientLib: Disconnecting SignupService
03-22 16:23:30.013 12483 12508 I BugleRcsEngine: [80] akyy.e: RcsProvisioningManager: combineConfigurationWithAvailability, simId = redacted-pii:sim_id[20-chars], hasConfig = false
03-22 16:23:30.015 12483 12508 W BugleRcsEngine: [80] akyy.h: RcsProvisioningManager: ProvisioningEngineAdapter not found for SIM redacted-pii:sim_id[20-chars]
03-22 16:23:30.102   584   584 W Looper  : Slow dispatch took 116ms main h=com.android.server.job.JobSchedulerService$JobHandler c=null m=4
03-22 16:23:30.106 12483 12506 I BugleRcs: RcsAvailabilityUpdaterRemote: postUpdateRcsAvailability : success updating RCS availability async
03-22 16:23:30.151 12874 12874 W .gms.persisten: JIT profile information will not be recorded: profile file does not exist.
03-22 16:23:30.153 12874 12874 W .gms.persisten: JIT profile information will not be recorded: profile file does not exist.
03-22 16:23:30.237   584   584 W Looper  : Slow dispatch took 133ms main h=android.app.ActivityThread$H c=android.app.LoadedApk$ReceiverDispatcher$Args$$ExternalSyntheticLambda0@f9cc73f m=0
03-22 16:23:30.314   584   618 I ActivityManager: Start proc 12899:com.google.android.gms/u0a97 for service {com.google.android.gms/com.google.android.gms.chimera.GmsBoundBrokerService}
03-22 16:23:30.324 12899 12899 W gle.android.gm: Unexpected CPU variant for X86 using defaults: x86_64
03-22 16:23:30.330 12483 12830 I AssistantConnector: Use gRPC connector
03-22 16:23:30.330 12899 12899 E gle.android.gm: Not starting debugger since process cannot load the jdwp agent.
03-22 16:23:30.377 12483 12532 I Forking : Starting analysis.
03-22 16:23:30.378 12483 12532 I Misthreading: Starting analysis.
03-22 16:23:30.379   443   443 E installd: Couldn't opendir /data/app/vmdl831437680.tmp: No such file or directory
03-22 16:23:30.380   443   443 E installd: Failed to delete /data/app/vmdl831437680.tmp: No such file or directory
03-22 16:23:30.381 12483 12508 I BugleNetwork: FirebaseRegistrationStartupTask: Enabling Firebase component
03-22 16:23:30.402 12899 12899 W gle.android.gm: JIT profile information will not be recorded: profile file does not exist.
03-22 16:23:30.402 12899 12899 W gle.android.gm: JIT profile information will not be recorded: profile file does not exist.
03-22 16:23:30.409   584   638 I ActivityManager: Force stopping com.google.android.gms appid=10097 user=0: pkg removed
03-22 16:23:30.425   584   638 I ActivityManager: Killing 12874:com.google.android.gms.persistent/u0a97 (adj 0): stop com.google.android.gms due to pkg removed
03-22 16:23:30.433   584   604 W ServiceWatcher: [GeocoderProxy] 10097/com.google.android.gms/.location.geocode.GeocodeService@2 died
03-22 16:23:30.433   584   604 W ServiceWatcher: [HardwareActivityRecognitionProxy] 10097/com.google.android.gms/com.google.android.location.internal.server.HardwareArProviderService@1 died
03-22 16:23:30.434   584   604 W ServiceWatcher: [RealLocationTimeZoneProviderProxy] 10097/com.google.android.gms/.geotimezone.GeoTimeZoneService@1 died
03-22 16:23:30.439   584   604 W ServiceWatcher: [GeofenceProxy] 10097/com.google.android.gms/com.google.android.location.internal.GoogleLocationManagerService@1 died
03-22 16:23:30.439   584   604 W ServiceWatcher: [fused] 10097/com.google.android.gms/com.google.android.location.fused.FusedLocationService@1 died
03-22 16:23:30.439   584   604 W ServiceWatcher: [network] 10097/com.google.android.gms/com.google.android.location.network.NetworkLocationService@2 died
03-22 16:23:30.439   584   638 I ActivityManager: Killing 12899:com.google.android.gms/u0a97 (adj 0): stop com.google.android.gms due to pkg removed
03-22 16:23:30.443   330   330 I Zygote  : Process 12874 exited due to signal 9 (Killed)
03-22 16:23:30.457   330   330 I Zygote  : Process 12899 exited due to signal 9 (Killed)
03-22 16:23:30.473   584   619 I libprocessgroup: Successfully killed process cgroup uid 10097 pid 12874 in 46ms
03-22 16:23:30.473   584   619 I libprocessgroup: Successfully killed process cgroup uid 10097 pid 12899 in 0ms
03-22 16:23:30.489  1262  1262 I MediaProvider: Invalidating LocalCallingIdentity cache for package com.google.android.gms. Reason: package android.intent.action.PACKAGE_REMOVED
03-22 16:23:30.532 12483 12508 I FirebaseApp: Device unlocked: initializing all Firebase APIs for app [DEFAULT]
03-22 16:23:30.540   584   638 I ActivityManager: Force stopping com.google.android.gms appid=10097 user=0: pkg removed
03-22 16:23:30.569   584   683 I InputReader: Reconfiguring input devices, changes=KEYBOARD_LAYOUTS | 
03-22 16:23:30.572  1270  1270 I GsaVoiceInteractionSrv: O received Intent { act=android.intent.action.PACKAGE_REMOVED dat=package:com.google.android.gms flg=0x4000010 (has extras) }
03-22 16:23:30.586  2043  2043 I Finsky  : [2] aafz.i(1): aafz - Received: android.intent.action.PACKAGE_REMOVED, [5RgnIEJQaOQbqneqo2SF47BEgT9fG5svDK6hS_daqhI]
03-22 16:23:30.590 12832 12841 I android.youtub: WaitForGcToComplete blocked Background on None for 5.076ms
03-22 16:23:30.603   584   616 E RemoteAugmentedAutofillService: Bad service name for flags 1048704: com.google.android.as/com.google.android.apps.miphone.aiai.app.AiAiAugmentedAutofillService
03-22 16:23:30.623  1067  1077 I s.nexuslaunche: Background concurrent copying GC freed 122411(4215KB) AllocSpace objects, 5(296KB) LOS objects, 49% free, 5411KB/10MB, paused 3.938ms,261us total 168.841ms
03-22 16:23:30.674  1262  1262 I MediaProvider: Invalidating LocalCallingIdentity cache for package com.google.android.gms. Reason: package android.intent.action.PACKAGE_ADDED
03-22 16:23:30.690   584   683 I InputReader: Reconfiguring input devices, changes=KEYBOARD_LAYOUTS | 
03-22 16:23:30.726  1270  1270 I GsaVoiceInteractionSrv: O received Intent { act=android.intent.action.PACKAGE_ADDED dat=package:com.google.android.gms flg=0x4000010 (has extras) }
03-22 16:23:30.763 12928 12928 W gle.android.gm: Unexpected CPU variant for X86 using defaults: x86_64
03-22 16:23:30.765  1067  1079 W System  : A resource failed to call release. 
03-22 16:23:30.765  1067  1079 W System  : A resource failed to call release. 
03-22 16:23:30.765  1067  1079 W System  : A resource failed to call release. 
03-22 16:23:30.772 12928 12928 E gle.android.gm: Not starting debugger since process cannot load the jdwp agent.
03-22 16:23:30.809 11155 11163 I earchbox:searc: Background concurrent copying GC freed 9216(565KB) AllocSpace objects, 3(192KB) LOS objects, 49% free, 10MB/21MB, paused 1.248ms,428us total 338.719ms
03-22 16:23:30.835 12483 12942 W DynamiteModule: Local module descriptor class for com.google.android.gms.providerinstaller.dynamite not found.
03-22 16:23:30.859   584   618 W ActivityManager: Slow operation: 138ms so far, now at startProcess: done updating battery stats
03-22 16:23:30.859   584   618 W ActivityManager: Slow operation: 138ms so far, now at startProcess: building log message
03-22 16:23:30.859   584   618 I ActivityManager: Start proc 12928:com.google.android.gms/u0a97 for content provider {com.google.android.gms/com.google.android.gms.people.service.galprovider.PeopleGalProvider}
03-22 16:23:30.859   584   618 W ActivityManager: Slow operation: 138ms so far, now at startProcess: starting to update pids map
03-22 16:23:30.860   584   618 W ActivityManager: Slow operation: 139ms so far, now at startProcess: done updating pids map
03-22 16:23:30.867   584   683 I InputReader: Reconfiguring input devices, changes=KEYBOARD_LAYOUTS | 
03-22 16:23:30.898 12947 12947 W .gms.persisten: Unexpected CPU variant for X86 using defaults: x86_64
03-22 16:23:30.918 12947 12947 E .gms.persisten: Not starting debugger since process cannot load the jdwp agent.
03-22 16:23:30.927 12483 12506 W BugleRcsEngine: [79] alsz.g: Carrier Services Apk was not found.
03-22 16:23:30.927 12483 12506 I BugleRcsEngine: [79] alsz.e: Cannot get service version because CS.apk was not found, not pre-loaded or disabled.
03-22 16:23:30.927 12483 12506 W BugleRcsEngine: [79] alsz.e: Service with meta data key: JibeServiceApiVersions is not compatible. Service Version 1 is not supported. Supported versions: []
03-22 16:23:30.928 12483 12506 I BugleRcsEngine: [79] alsz.c: Not using CS JibeService because it is not compatible with AM.
03-22 16:23:30.932   584  2018 W ActivityManager: Slow operation: 53ms so far, now at attachApplicationLocked: after updateOomAdjLocked
03-22 16:23:30.935   584   604 I ServiceWatcher: [GeocoderProxy] chose new implementation 10097/com.google.android.gms/.location.geocode.GeocodeService@2
03-22 16:23:30.937   584   604 I ServiceWatcher: [HardwareActivityRecognitionProxy] chose new implementation 10097/com.google.android.gms/com.google.android.location.internal.server.HardwareArProviderService@1
03-22 16:23:30.940   584   604 I ServiceWatcher: [RealLocationTimeZoneProviderProxy] chose new implementation 10097/com.google.android.gms/.geotimezone.GeoTimeZoneService@1
03-22 16:23:30.969   584   618 W ActivityManager: Slow operation: 136ms so far, now at startProcess: done updating battery stats
03-22 16:23:30.969   584   618 W ActivityManager: Slow operation: 136ms so far, now at startProcess: building log message
03-22 16:23:30.970   584   618 I ActivityManager: Start proc 12947:com.google.android.gms.persistent/u0a97 for content provider {com.google.android.gms/com.google.android.gms.chimera.container.GmsModuleProvider}
03-22 16:23:30.970   584   618 W ActivityManager: Slow operation: 137ms so far, now at startProcess: starting to update pids map
03-22 16:23:30.973   584   618 W ActivityManager: Slow operation: 140ms so far, now at startProcess: done updating pids map
03-22 16:23:31.005   584   584 W Looper  : Slow dispatch took 512ms main h=android.app.ActivityThread$H c=android.app.LoadedApk$ReceiverDispatcher$Args$$ExternalSyntheticLambda0@f11288 m=0
03-22 16:23:31.006   584   584 W Looper  : Slow delivery took 531ms main h=android.app.ActivityThread$H c=android.app.LoadedApk$ReceiverDispatcher$Args$$ExternalSyntheticLambda0@77a8421 m=0
03-22 16:23:31.008   584   604 I ServiceWatcher: [GeofenceProxy] chose new implementation 10097/com.google.android.gms/com.google.android.location.internal.GoogleLocationManagerService@1
03-22 16:23:31.009   584   604 I ServiceWatcher: [fused] chose new implementation 10097/com.google.android.gms/com.google.android.location.fused.FusedLocationService@1
03-22 16:23:31.009   584   604 I ServiceWatcher: [network] chose new implementation 10097/com.google.android.gms/com.google.android.location.network.NetworkLocationService@2
03-22 16:23:31.010 12928 12928 W gle.android.gm: JIT profile information will not be recorded: profile file does not exist.
03-22 16:23:31.010 12928 12928 W gle.android.gm: JIT profile information will not be recorded: profile file does not exist.
03-22 16:23:31.073  1270  1270 I GsaVoiceInteractionSrv: O received Intent { act=android.intent.action.PACKAGE_REPLACED dat=package:com.google.android.gms flg=0x4000010 (has extras) }
03-22 16:23:31.082 12483 12506 W BugleAction: Null config in BugleSharedPrefs
03-22 16:23:31.082 12483 12506 W BugleAction: Failed to get msisdn from Bugle
03-22 16:23:31.102 12483 12506 W BugleAction: Failed to get msisdn from RcsProfileService
03-22 16:23:31.102 12483 12506 W BugleAction: awmw: Jibe SDK Service not available. Is the Jibe SDK service running? Did you call connect() and wait for the notification before calling an API function?
03-22 16:23:31.102 12483 12506 W BugleAction: 	at awmp.b(PG:2)
03-22 16:23:31.102 12483 12506 W BugleAction: 	at com.google.android.rcs.client.profile.RcsProfileService.g(PG:1)
03-22 16:23:31.102 12483 12506 W BugleAction: 	at com.google.android.rcs.client.profile.RcsProfileService.getMsisdn(PG:1)
03-22 16:23:31.102 12483 12506 W BugleAction: 	at utg.F(PG:12)
03-22 16:23:31.102 12483 12506 W BugleAction: 	at tmz.b(PG:1)
03-22 16:23:31.102 12483 12506 W BugleAction: 	at pzo.d(PG:4)
03-22 16:23:31.102 12483 12506 W BugleAction: 	at pzk.run(PG:5)
03-22 16:23:31.102 12483 12506 W BugleAction: 	at aypj.run(PG:2)
03-22 16:23:31.102 12483 12506 W BugleAction: 	at java.util.concurrent.Executors$RunnableAdapter.call(Executors.java:462)
03-22 16:23:31.102 12483 12506 W BugleAction: 	at bcic.c(PG:1)
03-22 16:23:31.102 12483 12506 W BugleAction: 	at bchf.run(PG:4)
03-22 16:23:31.102 12483 12506 W BugleAction: 	at bcid.run(PG:1)
03-22 16:23:31.102 12483 12506 W BugleAction: 	at aosz.run(PG:1)
03-22 16:23:31.102 12483 12506 W BugleAction: 	at java.util.concurrent.ThreadPoolExecutor.runWorker(ThreadPoolExecutor.java:1167)
03-22 16:23:31.102 12483 12506 W BugleAction: 	at java.util.concurrent.ThreadPoolExecutor$Worker.run(ThreadPoolExecutor.java:641)
03-22 16:23:31.102 12483 12506 W BugleAction: 	at aosl.run(PG:2)
03-22 16:23:31.102 12483 12506 W BugleAction: 	at aorz.run(PG:2)
03-22 16:23:31.102 12483 12506 W BugleAction: 	at java.lang.Thread.run(Thread.java:920)
03-22 16:23:31.107 12947 12947 W .gms.persisten: JIT profile information will not be recorded: profile file does not exist.
03-22 16:23:31.108 12947 12947 W .gms.persisten: JIT profile information will not be recorded: profile file does not exist.
03-22 16:23:31.124 12483 12483 I BugleRcsEngine: [2] RcsAvailabilityLogWorker.a: RcsAvailabilityLogWorker is started
03-22 16:23:31.126 12483 12483 I BugleRcsEngine: [2] RcsAvailabilityLogWorker.a: RcsAvailabilityLogWorker Provisioning task in Bugle is disabled, not logging RcsAvailability
03-22 16:23:31.132   584   584 W Looper  : Slow dispatch took 126ms main h=android.app.ActivityThread$H c=android.app.LoadedApk$ReceiverDispatcher$Args$$ExternalSyntheticLambda0@da12fe7 m=0
03-22 16:23:31.149   757   757 I wpa_supplicant: wlan0: CTRL-EVENT-BEACON-LOSS 
03-22 16:23:31.157 12483 12506 W Bugle   : SubscriptionMetadataUtils get: invalid subId = -2
03-22 16:23:31.158 12483 12506 I Bugle   : TelephonyManagerFactory: Returning per-subscription TelephonyManager (>= N) subscription{id:-1}
03-22 16:23:31.190 11155 11305 W SearchServiceCore: Abort, client detached.
03-22 16:23:31.191 11155 11305 W SearchServiceCore: Abort, client detached.
03-22 16:23:31.207 12483 12506 I BugleBackup: Registering preference change listener for "buglesub_-1".
03-22 16:23:31.209 12483 12506 W Bugle   : SubscriptionMetadataUtils get: invalid subId = -2
03-22 16:23:31.237 11155 11305 W SearchServiceCore: Abort, client detached.
03-22 16:23:31.253 11155 12883 I A       : soft deleting data for DEVICE_INSTALLED_APPS [CONTEXT ratelimit_period="100 MILLISECONDS" ]
03-22 16:23:31.314   584   604 W Looper  : Slow dispatch took 133ms android.fg h=android.os.Handler c=com.android.server.servicewatcher.ServiceWatcherImpl$$ExternalSyntheticLambda1@a812d3a m=0
03-22 16:23:31.314   584   604 W Looper  : Slow delivery took 262ms android.fg h=android.os.Handler c=com.android.server.power.hint.HintManagerService$UidObserver$$ExternalSyntheticLambda1@9a41deb m=0
03-22 16:23:31.325 12483 12506 W Bugle   : SubscriptionMetadataUtils get: invalid subId = -2
03-22 16:23:31.332 12483 12506 W Bugle   : SubscriptionUtilsAsOfLMR1: getSelfRawNumber: subInfo is null for subscription{id:-1}
03-22 16:23:31.332 12483 12506 W BugleAction: No default number, returning empty msisdn
03-22 16:23:31.335 12483 12506 I BugleBackup: Registering preference change listener for "buglesub_1".
03-22 16:23:31.342 12483 12506 W BugleAction: No default number, returning empty msisdn
03-22 16:23:31.345 12947 12947 I Safeboot: Checking safeboot...
03-22 16:23:31.358 12483 12506 W Bugle   : SubscriptionMetadataUtils get: invalid subId = -2
03-22 16:23:31.362 11155 12883 I A       : Performing deletion propagation for Geller data.
03-22 16:23:31.395 12483 12506 W BugleNetwork: RcsMsisdnAccessor: Failed to access Rcs msisdn. subId: -2
03-22 16:23:31.395 12947 12947 I GmsApplication: Staging modules and/or updating config
03-22 16:23:31.395 12928 12928 I GmsApplication: Staging modules and/or updating config
03-22 16:23:31.402   584   584 I Telecom : CarModeTracker: Package com.google.android.gms is not tracked.: SSH.oR@AIQ
03-22 16:23:31.415   584   584 I Telecom : InCallController: updateCarModeForConnections: car mode apps: : SSH.oR@AIQ
03-22 16:23:31.423 12483 12506 W BugleEtouffee: E2eeStartupTask: Skip prekey checking because MSISDN is empty.
03-22 16:23:31.483   584   678 I RoleService: Granting default roles...
03-22 16:23:31.506 12928 12928 I GmsApplication: Staging modules
03-22 16:23:31.507 12928 12928 I FileApkMgr: Extracting modules...
03-22 16:23:31.507 11155 11280 I A       : updated last sync time to 2025-03-22T08:23:31.348Z
03-22 16:23:31.555   584   584 I Telecom : DefaultDialerCache: Refreshing default dialer for user 0: now com.android.dialer: DDC.oR@AIc
03-22 16:23:31.658   584   604 W Looper  : Drained
03-22 16:23:31.658   584   604 W Looper  : Slow dispatch took 140ms android.fg h=android.os.Handler c=com.android.internal.infra.ServiceConnector$Impl$$ExternalSyntheticLambda2@3445145 m=0
03-22 16:23:31.670  2043  2043 I Finsky  : [2] lzp.f(7): AIM: AppInfoCacheUpdater -> invalidating apps: [com.google.android.gms]
03-22 16:23:31.685  2043  2043 I Finsky  : [2] mac.c(19): AIM: AppInfoManager-Perf > getApps > called for 1 apps
03-22 16:23:31.724  2043  2280 I Finsky  : [72] mbk.a(47): AIM: AppInfoManager-Perf > OnDeviceAppInfo > cacheHitCount=0, cacheMissCount=1. Missed  in cache (limit 10) : [com.google.android.gms]
03-22 16:23:31.726 12664 12697 E GAv4    : Successfully bound to service but never got onServiceConnected callback
03-22 16:23:31.789  2043  2280 I Finsky  : [72] lhc.apply(1115): AIM: Got app ownership map. App counts: 1. Unique apps: 1
03-22 16:23:31.791  6126  6140 I PermissionControllerServiceImpl: Updating user sensitive for uid 10097
03-22 16:23:31.815  6126 12982 W Role    : Cannot get ApplicationInfo for default holder: com.google.android.contacts
03-22 16:23:31.821  2043 12976 I Finsky  : [247] qby.accept(78): Wrote row to frosting DB: 522
03-22 16:23:31.883 12483 12511 I WM-WorkerWrapper: Worker result SUCCESS for Work [ id=d69ea0f8-c4e0-4dbe-867f-55363109033e, tags={ com.google.apps.tiktok.contrib.work.TikTokListenableWorker, TikTokWorker#com.google.android.apps.messaging.shared.telephony.impl.copyoftelephony.TelephonyOrphanedAttachmentsCollectorTikTokWorkItem } ]
03-22 16:23:31.887  6126 12982 W Role    : Cannot get ApplicationInfo for default holder: com.google.android.as
03-22 16:23:31.907  2043  2226 E Finsky  : [59] aomw.M(45): [Counters] attempted to use a non-positive increment for: 4753
03-22 16:23:31.911   584   584 W Looper  : Drained
03-22 16:23:31.927   765   780 I ndroid.systemu: Background concurrent copying GC freed 54249(2139KB) AllocSpace objects, 14(280KB) LOS objects, 49% free, 12MB/25MB, paused 1.413ms,149us total 1.444s
03-22 16:23:31.993  2043  2249 I Finsky  : [67] mbf.a(219): AIM: AppInfoManager-Perf > ItemModel > CacheSize=26, cacheHitCount=0, cacheMissCount=1, total appsWithNoServerDataCount=0. Missed  in cache (limit 10) : [com.google.android.gms]
03-22 16:23:32.018  2043  2249 I Finsky  : [67] mbj.n(19): AIM: AppInfoManager-Perf > ItemModel > ItemStore Called 1 apps cacheOptions = REFRESH_LOCAL_CACHE
03-22 16:23:32.032  2043  2226 I Finsky  : [59] mbk.a(47): AIM: AppInfoManager-Perf > OnDeviceAppInfo > cacheHitCount=1, cacheMissCount=0. Missed  in cache (limit 10) : []
03-22 16:23:32.033  2043  2226 I Finsky  : [59] lhc.apply(1115): AIM: Got app ownership map. App counts: . Unique apps: 0
03-22 16:23:32.033  2043  2226 E Finsky  : [59] aomw.M(45): [Counters] attempted to use a non-positive increment for: 4752
03-22 16:23:32.033  2043  2226 E Finsky  : [59] aomw.M(45): [Counters] attempted to use a non-positive increment for: 4753
03-22 16:23:32.035  2043  2226 I Finsky  : [59] mbf.a(219): AIM: AppInfoManager-Perf > ItemModel > CacheSize=26, cacheHitCount=0, cacheMissCount=1, total appsWithNoServerDataCount=0. Missed  in cache (limit 10) : [com.google.android.gms]
03-22 16:23:32.036  2043  2226 I Finsky  : [59] mbj.n(19): AIM: AppInfoManager-Perf > ItemModel > ItemStore Called 1 apps cacheOptions = USE_CACHE
03-22 16:23:32.040  2043  2043 I Finsky  : [2] uiq.d(67): IQ: onPackageRemoved com.google.android.gms, replacing=true, uninstallingFromPlay=false
03-22 16:23:32.060  2043  2249 I Finsky  : [67] mbf.a(1109): AIM: ItemModel fetch - unauth(0), auth([U5xHvel1yC1YrIEJhN75UdmkVuw2QNW2bBflVr2xi6o]->1)
03-22 16:23:32.072  2043 11850 I Finsky  : [204] tdj.accept(37): IQ: handled package removed
03-22 16:23:32.098  6126 12982 W Role    : Cannot get ApplicationInfo for default holder: com.google.android.as
03-22 16:23:32.102  6126 12982 W Role    : Cannot get ApplicationInfo for default holder: com.google.android.as
03-22 16:23:32.115  2043  2043 I Finsky  : [2] nxy.ko(83): [ContentSync] finished, scheduled=false
03-22 16:23:32.121  2043  2226 I Finsky  : [59] mbf.a(1109): AIM: ItemModel fetch - unauth(0), auth([U5xHvel1yC1YrIEJhN75UdmkVuw2QNW2bBflVr2xi6o]->1)
03-22 16:23:32.447 12483 12512 I BugleRcsProvisioning: RcsProvisioningTrigger: Schedule provisioning on app startup
03-22 16:23:32.580 12483 12511 I WM-WorkerWrapper: Work [ id=d0e2191f-67ae-4a38-a21f-9f4eef43391b, tags={ com.google.android.apps.messaging.shared.rcs.availability.metrics.RcsAvailabilityLogWorker } ] was cancelled
03-22 16:23:32.580 12483 12511 I WM-WorkerWrapper: java.util.concurrent.CancellationException: Task was cancelled.
03-22 16:23:32.580 12483 12511 I WM-WorkerWrapper: 	at brc.j(PG:3)
03-22 16:23:32.580 12483 12511 I WM-WorkerWrapper: 	at brc.get(PG:4)
03-22 16:23:32.580 12483 12511 I WM-WorkerWrapper: 	at bmi.run(PG:1)
03-22 16:23:32.580 12483 12511 I WM-WorkerWrapper: 	at bqb.run(PG:1)
03-22 16:23:32.580 12483 12511 I WM-WorkerWrapper: 	at aosz.run(PG:1)
03-22 16:23:32.580 12483 12511 I WM-WorkerWrapper: 	at java.util.concurrent.ThreadPoolExecutor.runWorker(ThreadPoolExecutor.java:1167)
03-22 16:23:32.580 12483 12511 I WM-WorkerWrapper: 	at java.util.concurrent.ThreadPoolExecutor$Worker.run(ThreadPoolExecutor.java:641)
03-22 16:23:32.580 12483 12511 I WM-WorkerWrapper: 	at aosl.run(PG:2)
03-22 16:23:32.580 12483 12511 I WM-WorkerWrapper: 	at aorz.run(PG:2)
03-22 16:23:32.580 12483 12511 I WM-WorkerWrapper: 	at java.lang.Thread.run(Thread.java:920)
03-22 16:23:32.648 12483 12512 I BugleRcsProvisioning: RcsProvisioningTrigger: schedule provisioning
03-22 16:23:32.652 12483 12512 I BugleRcsEngine: [83] jsj.run: Provisioning task in Bugle is disabled by P/H flag
03-22 16:23:32.653 12483 12512 I BugleNetwork: Startup: registering tachyon.
03-22 16:23:32.659 12483 12512 I BugleNetwork: Startup: registering tachyon for phone.
03-22 16:23:32.659   440   666 W ServiceManager: Permission failure: android.permission.SYSTEM_CAMERA from uid=10118 pid=12832
03-22 16:23:32.660 12483 12512 I BugleNetwork: Profile service is not connected at startup task.
03-22 16:23:32.670 12483 12512 I Bugle   : VerifiedSmsEnabledCheckerImpl: VSMS is disabled via Phenotype flag.
03-22 16:23:32.671   440   666 W ServiceManager: Permission failure: android.permission.SYSTEM_CAMERA from uid=10118 pid=12832
03-22 16:23:32.693 12483 12506 I Bugle   : VerifiedSmsStartupTask: Checking if Verified SMS tasks should be enqueued. feature supported: false, feature enabled: false, eligible / has registered key: false, C11N: false
03-22 16:23:32.693 12483 12506 I Bugle   : VerifiedSmsStartupTask: Not enqueuing VSMS periodic task, VSMS is disabled or not supported.
03-22 16:23:32.693 12483 12515 I Bugle   : VerifiedSmsStartupTask: Not calling C11N to get phone numbers.
03-22 16:23:32.714   440   666 W ServiceManager: Permission failure: android.permission.SYSTEM_CAMERA from uid=10118 pid=12832
03-22 16:23:32.715   440   666 W ServiceManager: Permission failure: android.permission.SYSTEM_CAMERA from uid=10118 pid=12832
03-22 16:23:32.731   440   666 W ServiceManager: Permission failure: android.permission.SYSTEM_CAMERA from uid=10118 pid=12832
03-22 16:23:32.735   440   666 W ServiceManager: Permission failure: android.permission.SYSTEM_CAMERA from uid=10118 pid=12832
03-22 16:23:32.736   440   666 W ServiceManager: Permission failure: android.permission.SYSTEM_CAMERA from uid=10118 pid=12832
03-22 16:23:32.753 13040 13040 W hirdpartyclien: Unexpected CPU variant for X86 using defaults: x86_64
03-22 16:23:32.790   584   618 W ActivityManager: Slow operation: 99ms so far, now at startProcess: done updating battery stats
03-22 16:23:32.827   584   618 W ActivityManager: Slow operation: 136ms so far, now at startProcess: building log message
03-22 16:23:32.827   584   618 I ActivityManager: Start proc 13040:com.amazon.avod.thirdpartyclient/u0a162 for broadcast {com.amazon.avod.thirdpartyclient/com.amazon.identity.auth.device.storage.LambortishClock$ChangeTimestampsBroadcastReceiver}
03-22 16:23:32.827   584   618 W ActivityManager: Slow operation: 136ms so far, now at startProcess: starting to update pids map
03-22 16:23:32.868 13040 13040 I ndk_translation: Initialized NDK translation (aarch64), version 0.2.3
03-22 16:23:32.869   584   618 W ActivityManager: Slow operation: 148ms so far, now at startProcess: done updating pids map
03-22 16:23:32.935 12928 12937 I gle.android.gm: Background young concurrent copying GC freed 19021(1302KB) AllocSpace objects, 4(80KB) LOS objects, 90% free, 2511KB/26MB, paused 6.706ms,247us total 71.328ms
03-22 16:23:32.974  6126 12982 W Role    : Cannot get ApplicationInfo for default holder: com.google.android.as
03-22 16:23:33.002 12947 12955 I .gms.persisten: Background young concurrent copying GC freed 16711(1000KB) AllocSpace objects, 5(100KB) LOS objects, 91% free, 2292KB/26MB, paused 1.912ms,151us total 104.752ms
03-22 16:23:33.085  2043  2280 I Finsky  : [72] vmr.apply(549): ItemStore: Missing some fields: com.google.android.gms, 13
03-22 16:23:33.086  2043  2203 I Finsky  : [53] vmr.apply(549): ItemStore: Missing some fields: com.google.android.gms, 13
03-22 16:23:33.091  2043 12976 I Finsky  : [247] qby.accept(78): Wrote row to frosting DB: 523
03-22 16:23:33.107  2043  2043 I Finsky  : [2] aafz.i(1): aafz - Received: android.intent.action.PACKAGE_REMOVED, [5RgnIEJQaOQbqneqo2SF47BEgT9fG5svDK6hS_daqhI]
03-22 16:23:33.137  2043  2043 I Finsky  : [2] aafz.i(1): aafz - Deduping intent android.intent.action.PACKAGE_REMOVED
03-22 16:23:33.142  2043  2043 I Finsky  : [2] aafz.i(1): aafz - Received: android.intent.action.PACKAGE_ADDED, [5RgnIEJQaOQbqneqo2SF47BEgT9fG5svDK6hS_daqhI]
03-22 16:23:33.163  2043  2043 I Finsky  : [2] uln.jG(11): DTU: Received onPackageAdded, replacing: true
03-22 16:23:33.195  2043  2052 I android.vendin: Background concurrent copying GC freed 118083(6708KB) AllocSpace objects, 20(572KB) LOS objects, 45% free, 29MB/53MB, paused 9.537ms,4.429ms total 2.727s
03-22 16:23:33.204  2043  2249 I Finsky  : [67] ueb.apply(534): IV2::TD: Submit done. com.google.android.gms[iid:10] [isid:dndYdaMNRBShiILdmBvBLg] [tid: 1000000013]
03-22 16:23:33.207  2043  2043 I Finsky  : [2] atce.z(13): Set autoupdate of com.google.android.gms to 1 (install/update)
03-22 16:23:33.214  2043  5424 I Finsky  : [158] udt.b(28): IV2: task success. tid:1000000013 statusCode:0
03-22 16:23:33.216  2043  2226 I Finsky  : [59] uek.a(78): IV2::TM: cleaning up tid: 1000000013
03-22 16:23:33.216  2043  2226 I Finsky  : [59] uek.a(225): IV2:TM: cleaning up task. com.google.android.gms[iid:10] [isid:dndYdaMNRBShiILdmBvBLg] [tid: 1000000013]
03-22 16:23:33.244  2043  2203 I Finsky  : [53] adri.w(9): RM: remove resources for request 
03-22 16:23:33.253  2043  2203 I Finsky  : [53] adri.w(9): RM: remove resources for request 
03-22 16:23:33.253  2043  2203 I Finsky  : [53] adri.w(9): RM: remove resources for request 
03-22 16:23:33.253  2043  2203 I Finsky  : [53] adri.w(9): RM: remove resources for request 
03-22 16:23:33.253  2043  2203 I Finsky  : [53] adri.w(9): RM: remove resources for request 
03-22 16:23:33.253  2043  2203 I Finsky  : [53] adri.w(9): RM: remove resources for request 
03-22 16:23:33.253  2043  2203 I Finsky  : [53] adri.w(9): RM: remove resources for request 
03-22 16:23:33.254  2043  2203 I Finsky  : [53] adri.w(9): RM: remove resources for request 
03-22 16:23:33.254  2043  2203 I Finsky  : [53] adri.w(9): RM: remove resources for request 
03-22 16:23:33.254  2043  2203 I Finsky  : [53] adri.w(9): RM: remove resources for request 
03-22 16:23:33.269  2043  2122 E Finsky  : [43] adog.a(101): RM: no data for ID, not removing
03-22 16:23:33.271  2043  2122 E Finsky  : [43] adog.a(101): RM: no data for ID, not removing
03-22 16:23:33.271  2043  2122 E Finsky  : [43] adog.a(101): RM: no data for ID, not removing
03-22 16:23:33.272  2043  2122 E Finsky  : [43] adog.a(101): RM: no data for ID, not removing
03-22 16:23:33.273  2043  2122 E Finsky  : [43] adog.a(101): RM: no data for ID, not removing
03-22 16:23:33.275  2043  2120 E Finsky  : [41] adog.a(101): RM: no data for ID, not removing
03-22 16:23:33.277  2043  2121 E Finsky  : [42] adog.a(101): RM: no data for ID, not removing
03-22 16:23:33.278  2043  2122 E Finsky  : [43] adog.a(101): RM: no data for ID, not removing
03-22 16:23:33.283  2043  2121 E Finsky  : [42] adog.a(101): RM: no data for ID, not removing
03-22 16:23:33.284  2043  2120 E Finsky  : [41] adog.a(101): RM: no data for ID, not removing
03-22 16:23:33.299  2043 12976 I Finsky  : [247] qby.accept(78): Wrote row to frosting DB: 524
03-22 16:23:33.349  2043  5424 I Finsky  : [158] udu.b(50): IV2: Finishing successful install for installId: 10
03-22 16:23:33.352  2043  5424 I Finsky  : [158] udv.m(23): IV2: stopping install timeout for 10
03-22 16:23:33.355  2043  5424 E Finsky  : [158] mxg.apply(380): IV2: Failed to delete record for 10
03-22 16:23:33.356  2043  2226 I Finsky  : [59] uir.Z(19): IQ: start evaluating install requests.
03-22 16:23:33.369  2043  2226 I Finsky  : [59] uir.Z(197): IQ: There are 15 installs pending for job 145: [com.google.android.youtube, com.google.android.googlequicksearchbox, com.google.android.apps.messaging, com.google.android.deskclock, com.google.android.gm, com.google.android.apps.wellbeing, com.google.android.apps.docs, com.google.android.apps.maps, com.google.android.tts, com.google.android.partnersetup, com.google.android.apps.photos, com.google.android.calendar, com.google.android.apps.youtube.music, com.google.android.inputmethod.latin, com.google.android.apps.restore]
